// Jest Snapshot v1, https://goo.gl/fbAQLP

exports[`Test jwt validator should pass in "next" error, because token is invalid 1`] = `[TokenValidationError: Invalid token, please repeat authentication.]`;
