// Jest Snapshot v1, https://goo.gl/fbAQLP

exports[`Test the /v1/users path should not return all users in response on GET method, because user token is not valid 1`] = `"Invalid token, please repeat authentication."`;
