// Jest Snapshot v1, https://goo.gl/fbAQLP

exports[`Test the jwt siervice should throw error. whan token is invalid 1`] = `[TokenValidationError: Invalid token, please repeat authentication.]`;
